---
source: e2e/tests/commands.rs
assertion_line: 30
expression: "fs::read_file(config_path).await"

---
"---\nbind: \"0.0.0.0:0\"\nkey: __some_key__\nencryption: erp\ndns_server: ~\ntls: false\nquic: false\ntls_cert: ~\ntls_key: ~\n"
