---
source: bp-core/tests/acl.rs
assertion_line: 16
expression: "acl.to_pac(\"127.0.0.1:1080\").unwrap()"

---
// This file is automatically generated.

function FindProxyForURL(url, host) {
  // extract port number from url
  var port_match = url.match(/:(\d{0,5})/);
  var port = port_match[1] ? Number(port_match[1]) : null;

  if (host === "allow.com" && port === 8080) return "PROXY 127.0.0.1:1080";
  if (host === "example.net") return "DIRECT";
  if (port === 443) return "DIRECT";
  if (host === "apple.com" && port === 80) return "DIRECT";
  if (shExpMatch(host, "*baz.com*")) return "DIRECT";
  // #empty rule
  // #full_line comment
  if (host === "bar.com") return "DIRECT";
  if (host === "foo.com") return "DIRECT";

  return "DIRECT";
}

